// Jest Snapshot v1, https://goo.gl/fbAQLP

exports[`CityMap should render correctly 1`] = `
<div
  id="map"
  style={
    Object {
      "height": "100%",
      "minHeight": "800px",
      "width": "100%",
    }
  }
/>
`;
