// Jest Snapshot v1, https://goo.gl/fbAQLP

exports[`OfferCard should render correctly 1`] = `
<article
  className="undefined__place-card place-card"
  onMouseEnter={[Function]}
  onMouseLeave={[Function]}
>
  <div
    className="place-card__mark"
  >
    <span>
      Premium
    </span>
  </div>
  <div
    className="undefined__image-wrapper place-card__image-wrapper"
  >
    <a
      href="#"
      onClick={[Function]}
    >
      <img
        alt="Place image"
        className="place-card__image"
        height="200"
        src="test2"
        width="260"
      />
    </a>
  </div>
  <div
    className="place-card__info"
  >
    <div
      className="place-card__price-wrapper"
    >
      <div
        className="place-card__price"
      >
        <b
          className="place-card__price-value"
        >
          €
          1
        </b>
        <span
          className="place-card__price-text"
        >
          / night
        </span>
      </div>
      <Memo(ConnectFunction)
        id={1}
        isSmall={true}
      />
    </div>
    <div
      className="place-card__rating rating"
    >
      <div
        className="place-card__stars rating__stars"
      >
        <span
          style={
            Object {
              "width": "1%",
            }
          }
        />
        <span
          className="visually-hidden"
        >
          Rating
        </span>
      </div>
    </div>
    <h2
      className="place-card__name"
    >
      <Link
        to="/offer/1"
      >
        test1
      </Link>
    </h2>
    <p
      className="place-card__type"
    >
      apartment
    </p>
  </div>
</article>
`;
