// Jest Snapshot v1, https://goo.gl/fbAQLP

exports[`OffersList should render correctly 1`] = `
<div
  className="cities__places-list places__list tabs__content"
/>
`;
